
> e-goverment-portal@0.0.1 build
> nest build

node.exe : [96msrc/pol
icies/policies.service.
ts[0m:[93m2[0m:[93m
27[0m - 
[91merror[0m[90m 
TS2307: [0mCannot 
find module 
'@gorules/zen-engine' 
or its corresponding 
type declarations.
At line:1 char:1
+ & "C:\Program 
Files\nodejs/node.exe" 
"C:\Program 
Files\nodejs/node_mo 
...
+ ~~~~~~~~~~~~~~~~~~~~~
~~~~~~~~~~~~~~~~~~~~~~~
~~~~~~~~~~~~~~~~~~~~~~~
~~
    + CategoryInfo     
         : NotSpecifi  
  ed: ([96msrc/poli   
 ci...e declaration    
s.:String) [], Rem    
oteException
    + FullyQualifiedEr 
   rorId : NativeComm  
  andError
 

[7m2[0m import { 
ZenEngine } from 
'@gorules/zen-engine';
[7m [0m [91m        
                  ~~~~~
~~~~~~~~~~~~~~~~[0m

Found 1 error(s).

